------------------------------------------------------------
TimeQuest Timing Analyzer Summary
------------------------------------------------------------

Type  : Slow 1200mV 85C Model Setup 'state.Reset'
Slack : -59.460
TNS   : -1883.525

Type  : Slow 1200mV 85C Model Setup 'i_clk'
Slack : -8.824
TNS   : -222.939

Type  : Slow 1200mV 85C Model Setup 'state.CalculateNewError'
Slack : -7.602
TNS   : -121.236

Type  : Slow 1200mV 85C Model Setup 'state.CalculatePID'
Slack : -1.455
TNS   : -29.960

Type  : Slow 1200mV 85C Model Hold 'i_clk'
Slack : -0.064
TNS   : -0.127

Type  : Slow 1200mV 85C Model Hold 'state.CalculatePID'
Slack : 0.138
TNS   : 0.000

Type  : Slow 1200mV 85C Model Hold 'state.CalculateNewError'
Slack : 0.337
TNS   : 0.000

Type  : Slow 1200mV 85C Model Hold 'state.Reset'
Slack : 0.370
TNS   : 0.000

Type  : Slow 1200mV 85C Model Minimum Pulse Width 'i_clk'
Slack : -3.000
TNS   : -110.000

Type  : Slow 1200mV 85C Model Minimum Pulse Width 'state.CalculatePID'
Slack : 0.351
TNS   : 0.000

Type  : Slow 1200mV 85C Model Minimum Pulse Width 'state.CalculateNewError'
Slack : 0.437
TNS   : 0.000

Type  : Slow 1200mV 85C Model Minimum Pulse Width 'state.Reset'
Slack : 0.442
TNS   : 0.000

Type  : Slow 1200mV 0C Model Setup 'state.Reset'
Slack : -52.886
TNS   : -1674.311

Type  : Slow 1200mV 0C Model Setup 'i_clk'
Slack : -7.732
TNS   : -190.487

Type  : Slow 1200mV 0C Model Setup 'state.CalculateNewError'
Slack : -6.731
TNS   : -106.281

Type  : Slow 1200mV 0C Model Setup 'state.CalculatePID'
Slack : -1.176
TNS   : -22.636

Type  : Slow 1200mV 0C Model Hold 'i_clk'
Slack : -0.071
TNS   : -0.111

Type  : Slow 1200mV 0C Model Hold 'state.CalculatePID'
Slack : 0.095
TNS   : 0.000

Type  : Slow 1200mV 0C Model Hold 'state.CalculateNewError'
Slack : 0.304
TNS   : 0.000

Type  : Slow 1200mV 0C Model Hold 'state.Reset'
Slack : 0.374
TNS   : 0.000

Type  : Slow 1200mV 0C Model Minimum Pulse Width 'i_clk'
Slack : -3.000
TNS   : -110.000

Type  : Slow 1200mV 0C Model Minimum Pulse Width 'state.CalculatePID'
Slack : 0.391
TNS   : 0.000

Type  : Slow 1200mV 0C Model Minimum Pulse Width 'state.CalculateNewError'
Slack : 0.461
TNS   : 0.000

Type  : Slow 1200mV 0C Model Minimum Pulse Width 'state.Reset'
Slack : 0.469
TNS   : 0.000

Type  : Fast 1200mV 0C Model Setup 'state.Reset'
Slack : -33.715
TNS   : -1061.933

Type  : Fast 1200mV 0C Model Setup 'i_clk'
Slack : -4.517
TNS   : -92.021

Type  : Fast 1200mV 0C Model Setup 'state.CalculateNewError'
Slack : -4.101
TNS   : -61.123

Type  : Fast 1200mV 0C Model Setup 'state.CalculatePID'
Slack : -0.367
TNS   : -4.316

Type  : Fast 1200mV 0C Model Hold 'i_clk'
Slack : -0.077
TNS   : -0.152

Type  : Fast 1200mV 0C Model Hold 'state.CalculatePID'
Slack : -0.062
TNS   : -0.166

Type  : Fast 1200mV 0C Model Hold 'state.CalculateNewError'
Slack : 0.155
TNS   : 0.000

Type  : Fast 1200mV 0C Model Hold 'state.Reset'
Slack : 0.194
TNS   : 0.000

Type  : Fast 1200mV 0C Model Minimum Pulse Width 'i_clk'
Slack : -3.000
TNS   : -212.052

Type  : Fast 1200mV 0C Model Minimum Pulse Width 'state.CalculatePID'
Slack : 0.315
TNS   : 0.000

Type  : Fast 1200mV 0C Model Minimum Pulse Width 'state.CalculateNewError'
Slack : 0.418
TNS   : 0.000

Type  : Fast 1200mV 0C Model Minimum Pulse Width 'state.Reset'
Slack : 0.427
TNS   : 0.000

------------------------------------------------------------
